*** Using Compiler 'V6.24', folder: 'C:\Keil_v5\ARM\ARMCLANG\Bin'
Rebuild target 'diansai'
compiling usart.c...
compiling dma.c...
compiling My_pid.c...
compiling main.c...
compiling tim.c...
compiling HWT101.c...
compiling gpio.c...
compiling stm32f4xx_hal_msp.c...
compiling stm32f4xx_it.c...
compiling My_timer.c...
compiling IIC.c...
compiling My_move.c...
compiling My_oled.c...
assembling startup_stm32f407xx.s...
compiling My_uart.c...
compiling My_encoder.c...
compiling My_key.c...
compiling My_gray.c...
compiling My_steering.c...
compiling My_app.c...
compiling stm32f4xx_hal_rcc.c...
compiling stm32f4xx_hal_tim_ex.c...
compiling stm32f4xx_hal_tim.c...
compiling stm32f4xx_hal_flash_ex.c...
compiling stm32f4xx_hal_rcc_ex.c...
compiling stm32f4xx_hal_flash_ramfunc.c...
compiling stm32f4xx_hal_flash.c...
compiling stm32f4xx_hal_dma.c...
compiling stm32f4xx_hal_gpio.c...
compiling stm32f4xx_hal_dma_ex.c...
compiling stm32f4xx_hal_pwr_ex.c...
compiling stm32f4xx_hal_pwr.c...
compiling stm32f4xx_hal_cortex.c...
compiling stm32f4xx_hal.c...
compiling stm32f4xx_hal_exti.c...
compiling system_stm32f4xx.c...
compiling stm32f4xx_hal_uart.c...
linking...
Program Size: Code=38032 RO-data=2792 RW-data=12 ZI-data=5844  
FromELF: creating hex file...
After Build - User command #1: python ..\Hardware\Tools\My_merge_oled_font_hex.py --application .\diansai\diansai.hex --font ..\Hardware\Fonts\My_oled_gb2312_font.hex --output .\diansai\diansai_with_gb2312.hex
Merged 293986 bytes into diansai\diansai_with_gb2312.hex; font bytes: 253146
".\diansai\diansai.axf" - 0 Error(s), 0 Warning(s).
Build Time Elapsed:  00:00:05
